GAZELLE 106351 Date is a range of years (1846-1860)
ISABELLA 137033 Again date is a range (1814-1815)
